// Jest Snapshot v1, https://goo.gl/fbAQLP

exports[`Home should match snapshot 1`] = `
<div id="nav">
  <div id="signin-header">
    <p>You are not signed in</p>
    <a href="https://signin.fischerthings.com/login?response_type=token&amp;client_id=6a8t6a9st8fqkbt81n9mtb2aag&amp;redirect_uri=https://fischerthings.com/login_success.html">Click Here to Sign In</a>
  </div>
  <h1>Currently Available Posts</h1>
  <ul>
    <li>
      <h2>
        <a href="#/posts/mc">
          Mac and Cheese
        </a>
      </h2>
    </li>
  </ul>
</div>
`;
